// Jest Snapshot v1, https://goo.gl/fbAQLP

exports[`Should render ExpenseList with empty message 1`] = `
<div>
  <p>
    No expenses
  </p>
</div>
`;

exports[`Should render ExpenseList with expenses 1`] = `
<div>
  <div>
    <h1>
       Expense List
    </h1>
    <div>
      <ExpenseListItem
        amount={100}
        createdAt={86400000}
        description="Some"
        element={1}
        id="1"
        key="1"
        note=""
      />
      <ExpenseListItem
        amount={1000}
        createdAt={-345600000}
        description="Disc2"
        element={2}
        id="2"
        key="2"
        note=""
      />
      <ExpenseListItem
        amount={10000}
        createdAt={345600000}
        description="Disc3"
        element={3}
        id="3"
        key="3"
        note=""
      />
    </div>
  </div>
</div>
`;
